../Inc/stm32f103cx.h:316:6:SysTick_Handler	4	static
../Inc/stm32f103cx.h:394:6:System_Clock_Init	4	static
../Inc/stm32f103cx.h:415:6:SysTick_Init	4	static
../Inc/stm32f103cx.h:429:6:delay_ms	24	static
../Inc/stm32f103cx.h:439:6:delay_us	24	static
../Src/main.c:14:5:main	8	static
../Src/main.c:33:6:Gpio_Init	4	static
../Src/main.c:42:6:Tim1_Init	4	static
../Src/main.c:52:6:LCD_Init	8	static
../Src/main.c:69:6:LCD_SendCommand	16	static
../Src/main.c:79:6:LCD_SendData	16	static
../Src/main.c:89:6:LCD_PrintString	16	static
../Src/main.c:97:6:Trigger	8	static
../Src/main.c:104:6:Measure	24	static
